[typed 2026-09-20T23:58:23.171Z] discover /workspace/scratch/4de8c3a3f107/bend2-selfhost/build/typed/release-selfhost/compiler.bend
[typed 2026-09-20T23:58:23.245Z] parse /workspace/scratch/4de8c3a3f107/bend2-selfhost/build/typed/release-selfhost/compiler.bend
[typed 2026-09-20T23:58:30.969Z] parse /workspace/scratch/4de8c3a3f107/bend2-selfhost/dist/base.bend
[typed 2026-09-20T23:58:30.969Z] load and elaborate graph
[typed 2026-09-20T23:58:59.738Z] check book
[typed 2026-09-21T00:01:42.806Z] specialize book
[typed 2026-09-21T00:01:46.076Z] report declarations
[typed 2026-09-21T00:01:58.077Z] prune reachable definitions
[typed 2026-09-21T00:02:18.918Z] annotate book
[typed 2026-09-21T00:05:13.154Z] validate runtime layouts
[typed 2026-09-21T00:07:25.831Z] emit library
[typed 2026-09-21T00:13:45.374Z] emitted 1202197 bytes
All terms check, but 1391 defs rely on unsafe or foreign code:
- kc
- kt
- atom
- tg
- nm
- ix
- qt
- ks
- rm
- terms_at
- kid
- var
- ref
- qua
- typ
- app
- all
- dn
- dk
- da
- dx
- dt
- dv
- dc
- db
- du
- missing
- lookup
- terms_len
- has_name
- subst_terms
- core_force
- core_rebuild
- core_apply
- subst_node
- subst
- core_beta
- index_hash
- index_child
- index_child_list
- index_first
- index_find
- index_bucket
- index_remove
- index_set
- index_set_node
- index_build
- index_lookup
- book_cached
- book_put
- norm_join
- norm_apply
- wnf
- norm_eval
- norm_eval_node
- norm_ref
- norm_args
- norm_dec
- norm_match
- norm_stuck
- norm_min
- norm_min_left
- norm_min_right
- strong
- norm_strong
- norm_strongs
- norm_max
- norm_max_term
- norm_max_terms
- norm_max_book
- compare
- norm_compare
- norm_compare_heads
- norm_compare_same
- norm_compare_plain
- norm_compare_terms
- norm_subset
- norm_removed
- norm_kind
- norm_let
- norm_let_tail
- norm_var
- norm_names_len
- norm_book_bound
- norm_bound_found
- norm_max_walk
- norm_max_defs
- norm_defs_join
- norm_snf_go
- norm_snf_head
- norm_rebind
- norm_snf_open
- norm_snf_children
- norm_snf_return
- norm_exact
- norm_exact_lists
- norm_exact_head
- norm_exact_names
- norm_cmp_loop
- norm_cmp_quick
- norm_cmp_fail
- norm_cmp_test
- norm_cmp_heads
- norm_cmp_same
- norm_cmp_plain
- norm_cmp_fields
- norm_cmp_zip
- norm_cmp_kind
- g_heap
- g_next
- g_state
- g_term
- g_states
- g_terms
- g_get
- g_put
- g_put_node
- g_share
- g_share_terms
- g_shared_term
- g_share_head
- g_shared_head
- g_cache
- g_wnf
- g_eval
- g_cell
- g_app
- g_ref
- g_args
- g_return
- g_resume
- g_filled
- g_min_left
- g_match
- g_let
- g_let_shared
- g_let_sub
- graph_strong
- g_snf_go
- g_snf_head
- g_snf_open
- g_snf_children
- g_snf_return
- g_start
- reach_book
- kr_filter
- kr_visit
- kr_visit_def
- kr_resolve
- kr_resolve_head
- kr_parent
- kr_dependencies
- kr_ctor_refs
- kr_refs
- kr_refs_list
- kr_push
- kp_eq
- kp_is
- kp_quant
- kp_join
- kp_par
- kp_show
- kp_scope
- kp_index
- kp_depth
- kp_bound
- kp_bind
- kp_each
- kp_chain
- kp_spine
- kp_application
- kp_removed
- kp_adt
- kp_has_removed
- kp_word
- kp_number
- kp_float
- kp_float_show
- kp_float_text
- kp_hex
- kp_digit
- kp_escape
- kp_char
- kp_char_num
- kp_string
- kp_append
- kp_list
- kp_tuple
- kp_nat
- kp_array
- kp_array_join
- kp_ctor
- kp_ctor_number
- kp_ctor_other
- kp_ctor_char
- kp_ctor_string
- kp_ctor_array
- kp_matches
- kp_go
- kp_go_tail
- kp_go_last
- kp_float_point
- kp_exists
- kp_rewrite
- kp_rewrite_motive
- kp_let
- kp_let_names
- kp_let_vals
- kp_let_body
- qadd
- qjoin
- qdem
- uses_get
- uses_del
- uses_merge
- strip
- descend
- descend_go
- descend_fields
- terms_tail
- descend_ctr
- descend_sub
- descend_spine
- descend_step
- cb
- cn
- cl
- cp
- cq
- cu
- ct
- cy
- cs
- ce
- ok
- bad
- good
- checked
- both
- ctx_get
- ctx_bind
- kindq
- kapply
- lhs_step
- unargs
- infer
- infer_node
- infer_var
- infer_ref
- infer_app
- infer_app_type
- infer_adt
- infer_adt_done
- tele_check
- tele_check_head
- tele_check_done
- tele_fill
- tele_fill_head
- check
- check_node
- check_fits
- check_lam
- check_lam_q
- check_lam_done
- check_ctr
- check_ctr_found
- check_rfl
- check_let
- check_let_value
- check_let_kind
- let_cells
- check_let_done
- remaining
- defs_empty
- ctx_dead
- dead_type
- check_mat
- check_mat_type
- check_mat_ctr
- mat_goal
- mat_goal_head
- lhs_ext
- mat_lhs
- check_rwt
- check_rwt_type
- check_rwt_goal
- tele_quantities
- tele_quantities_head
- declared
- book_without
- check_book
- check_events
- check_open
- count_open
- check_open_message
- check_event_guard
- signature_mode
- signature_fill_mode
- event_error
- constructor_exists
- constructor_names
- check_event_done
- check_definition
- check_definition_type
- foreign_tip
- foreign_head
- check_foreign
- tele_tip
- tele_tip_head
- check_adt_declaration
- check_ctors
- check_ctors_next
- check_ctor_tel
- check_ctor_head
- check_ctor_domain
- infer_template
- template_args
- template_arg_head
- template_arg_done
- self_pending
- contains_self
- check_template_definition
- check_template_binder
- check_template_open
- specialized_book
- specialized_error
- sp_book
- sp_memo
- sp_serial
- sp_fresh
- sp_error
- sp_state
- sp_value
- sp_states
- sp_values
- sp_mtemplate
- sp_mkey
- sp_mname
- sp_active
- sp_fail
- sp_put
- sp_canonical
- specialize_book
- sp_finish
- sp_definitions
- sp_definition_next
- sp_definition_done
- sp_len
- sp_key_string
- term_key
- sp_keys
- sp_name_keys
- sp_find
- sp_done_memo
- sp_take
- sp_take_next
- sp_drop
- sp_drop_next
- sp_shift
- sp_shifts
- sp_type
- sp_term
- sp_annotation
- sp_lambda
- sp_single
- sp_constructor
- sp_ctor_done
- sp_args
- sp_arg_head
- sp_arg_done
- sp_cons
- sp_spine
- sp_head
- sp_regular_head
- sp_regular_done
- sp_apply_result
- sp_template
- sp_template_args
- sp_template_checked
- sp_template_key
- sp_template_inst
- sp_instance
- sp_mint
- sp_apply_template
- sp_mint_type
- sp_mint_body
- sp_validate
- sp_validate_done
- sp_match
- sp_match_type
- sp_match_ctor
- sp_match_hit
- sp_pair
- sp_let
- sp_let_binding
- sp_let_bound
- sp_let_body
- sp_let_result
- sp_rewrite
- sp_rewrite_type
- sp_rewrite_done
- sp_initial
- sp_stamp
- sp_needed
- sp_neededs
- sp_templates
- sp_template_book
- exact_names
- exact_names_empty
- exact_names_head
- exact_term
- exact_terms
- exact_terms_head
- exact_def
- exact_defs
- exact_defs_head
- exact_prefix
- exact_prefix_head
- check_from_exact_prefix
- check_prefix_seed
- check_prefix_step
- ka_wrap
- annotate_book
- annotate_except
- annotate_selected
- ka_defs_except
- ka_defs
- ka_def
- annotate
- ka_node
- ka_type
- ka_type_node
- ka_type_app
- ka_lam
- ka_app
- ka_args
- ka_args_head
- ka_mat
- ka_mat_ctr
- ka_let
- ka_let_head
- ka_rwt
- f_choose
- f_eq
- f_tx
- f_tl
- f_line
- f_col
- f_kind
- f_skip
- f_head
- f_tail
- f_ident
- f_scan_word
- f_scan_comment
- f_scan_quote
- f_two
- f_pair_op
- f_lex_scanned
- f_lex_symbol
- f_lex
- f_three
- f_triple_op
- f_symbol_text
- f_pn
- f_pr
- f_atid
- f_err
- f_expect
- f_app
- f_args
- f_arg_next
- f_expr
- f_atom
- f_kind_token
- f_kind_wrap
- f_mark
- f_grade
- f_quant
- f_unmark
- f_all
- f_all_domain
- f_all_body
- f_group
- f_group_ann
- f_tuple
- f_list
- f_list_nodes
- f_brace
- f_brace_left
- f_equation
- f_equation_type
- f_prec
- f_grow
- f_grow_args
- f_binary
- f_binary_node
- f_operator
- f_matcher
- f_matcher_head
- f_matcher_arm
- f_matcher_tail
- f_atom_base
- f_args_base
- f_grow_base
- f_binary_plain
- f_rhs
- f_rhs_for
- f_parse
- f_result
- f_len
- f_find
- f_dn
- f_dt
- f_dv
- f_dk
- f_dx
- f_put
- f_tops
- f_top
- f_import
- f_tele
- f_tele_at
- f_tele_binder
- f_tele_type
- f_tbind
- f_lbind
- f_templates
- f_def
- f_def_type
- f_def_signature
- f_def_body
- f_foreign
- f_law
- f_law_clause
- f_law_type
- f_law_bind
- f_law_end
- f_type
- f_type_params
- f_type_kind
- f_type_ctors
- f_type_ctor
- f_param_refs
- f_body
- f_body_at
- f_statement
- f_typed_let
- f_let_ann
- f_let_value
- f_let_body
- f_match_heads
- f_match_head
- f_match_cases
- f_case_pats
- f_case_pat
- f_case_body
- f_replace
- f_type_base
- f_def_base
- f_body_context
- f_body_context_at
- f_match_begin
- f_law_arity
- f_law_base
- f_type_named
- ff_term
- ff_next
- ff_flat
- ff_local
- ff_let
- ff_parallel
- ff_match
- ff_column
- ff_lam
- ff_split
- ff_fields
- ff_field_cons
- ff_fields_done
- ff_hit_done
- ff_miss_done
- fc_ref
- fc_bind
- fc_binders
- fc_bind_count
- fc_terms
- fc_term
- fc_rows
- fc_start
- f_elaborate
- f_elab_defs
- f_elab_def
- f_env
- f_tail_terms
- f_concat
- f_vars
- f_scope
- f_scope_ref
- f_scope_terms
- f_patterns
- f_penv
- f_scope_body
- f_scope_local
- f_scope_rows
- f_scope_row
- f_sub
- f_subs
- f_flat
- f_flat_local
- f_flat_let
- f_rowpat
- f_first_ctor
- f_has_id
- f_flat_match
- f_var_rows
- f_flat_column
- f_flat_split
- f_fresh_fields
- f_flat_fields
- f_hit_rows
- f_hit_row
- f_miss_rows
- f_word
- f_u32
- f_nat
- f_number
- f_literal
- f_string
- f_string_escape
- f_escape_code
- f_scope_body_base
- f_flat_base
- f_scope_base
- f_family_book
- f_scope_lower
- f_last
- f_init
- f_do_start
- f_do_types
- f_do
- f_do_return
- f_do_statement
- f_do_annotated
- f_do_value
- f_do_tail
- f_error_term
- f_error_terms
- f_error_more
- f_error_defs
- f_error_def_next
- f_error_defs_more
- f_validate_result
- f_rewrite
- f_rewrite_head
- f_rewrite_proof
- f_rewrite_motive
- f_rewrite_body
- f_law_where
- f_erased_local
- f_write_statement
- f_group_namespace
- f_template_expr
- f_decode_char
- f_decode_escape
- f_escape_valid
- f_hex
- f_decode_unicode
- f_string_decoded
- f_char_literal
- f_char_decoded
- f_float_bits
- f_contains
- f_float
- f_float_read
- f_array
- f_array_first
- f_array_type
- f_array_size
- f_array_depth
- f_power_depth
- f_power_bits
- f_index
- f_index_value
- f_ends_nat
- f_nat_plus
- f_nat_extend
- f_namespace
- f_pattern_literal
- f_pattern_number
- f_nat_pattern
- f_namespace_head
- f_namespace_operator
- f_namespace_terms
- f_parallel
- f_parallel_pat
- f_parallel_values
- f_parallel_value
- f_parallel_body
- f_scope_parallel
- f_scope_parallel_pats
- f_parallel_binds
- f_unlamb
- f_flat_parallel
- f_statement_more
- f_typed_let_try
- f_fresh_stack
- ffw_walk
- ffw_done
- ffw_frame
- ffw_kids
- ffw_let
- ffw_let_tail
- ffw_reverse_onto
- f_fresh_book_stack
- ffd_walk
- ffd_type
- ffd_value
- ffd_done
- ffd_frame
- f_fresh_term
- f_rename_var
- f_fresh_terms
- f_fresh_cons
- f_fresh_prepend
- f_fresh_generic
- f_fresh_all
- f_fresh_all_body
- f_fresh_lam
- f_fresh_let
- f_fresh_let_body
- f_fresh_let_value
- f_fresh_defs
- f_fresh_def_type
- f_fresh_def_value
- f_fresh_def_ctors
- f_fresh_defs_prepend
- f_fresh_result
- f_fresh_result_end
- f_unquote
- f_unquote_chars
- f_path_dir
- f_path_scan
- f_path_join
- f_path_term
- f_path_terms
- f_path_defs
- f_path_result
- f_leading_quants
- f_quants
- f_adt
- f_adt_fill
- f_drop_terms
- f_scope_app
- f_mark_rows
- f_mark_vars
- f_mark_fields
- f_scope_call
- f_scope_call_head
- f_templates_valid
- f_scope_call_args
- f_scope_apply_many
- f_scope_reference
- f_scope_lambda
- f_scope_lambda_var
- f_reserved
- f_ctor_lookup
- f_ctor_more
- f_valid_pattern
- f_valid_ctor_pattern
- f_valid_patterns
- f_valid_patterns_next
- f_scope_row_valid
- f_lambda_valid
- f_case_checked
- f_alias_valid
- f_alias_chars
- f_import_alias
- f_validate_param
- f_valid_name
- f_name_chars
- f_bare_params
- f_def_prior
- f_bang
- f_foreign_path_valid
- f_scoped_row
- f_contains_var
- f_contains_var_terms
- f_import_path
- f_path_normal
- f_path_parts
- f_path_push
- f_path_parent
- f_path_join_parts
- f_drop_chars
- f_strip_bend
- f_graph_source
- f_load_graph
- f_graph_result
- f_graph_load
- f_graph_source_load
- f_graph_cached
- f_graph_error
- f_graph_parsed
- f_import_namespace
- f_import_pathname
- f_graph_imports
- f_graph_aliases
- f_alias_term
- f_alias_terms
- f_alias_defs
- f_graph_finish
- f_graph_finish_alias
- f_module_defs
- f_module_def
- f_main_names
- f_main_result_names
- f_main_order
- f_main_seen
- f_load_graph_seed
- f_seed_matches
- fs_path
- fs_book
- fs_load
- fs_source
- fs_cached
- fs_inject
- fs_parsed
- fs_imports
- f_seed_text_equal
- f_parse_at
- f_qual_result
- f_qual_name
- f_prefix
- f_drop_prefix
- f_alias
- f_declared
- f_resolve_name
- f_qual_term
- f_qual_terms
- f_qual_defs
- f_qual_def
- f_source
- f_source_name
- f_source_text
- f_source_path
- f_load
- f_loaded_result
- f_load_module
- f_load_source
- f_load_parsed
- f_defs_append
- f_load_imports
- f_load_import_next
- f_qual_optional
- dg_units
- dg_width
- dg_line_at
- dg_padding
- dg_lpad
- dg_rpad
- dg_lines_count
- dg_snippet
- dg_snippet_at
- dg_snippet_lines
- dg_scope
- dg_context_width
- dg_expr
- dg_context
- dg_location
- dg_location_text
- dg_render
- dg_render_parts
- diagnostic_render
- dg_render_checked
- dg_text
- dg_bad_detail
- dg_bad_message
- dg_pair
- dg_family
- dg_typeless
- dg_trace
- dg_trace_detail
- dg_reason
- dg_as_expr
- dg_no_report
- dg_report
- dg_span_same
- dg_span_fields
- dg_has_span
- dg_origin_scan
- dg_origin_trail
- dg_origin_found
- diagnostic_locate
- diagnostic_result_locate
- dg_finish
- check_book_diagnostic
- dg_book_checked
- dg_events
- dg_event_guard
- dg_event_check
- dg_definition
- dg_definition_type
- dg_template
- dg_template_binder
- dg_template_open
- dg_quant_error
- dg_constructor_names
- dg_ctor_error
- f_load_origins
- fp_graph
- fp_result
- fp_modules
- fp_module
- fp_module_parsed
- fp_event_sources
- fp_join
- fp_defs
- fp_defs_source
- fp_def
- fp_ctors
- fp_term
- fp_children
- fp_origin
- fp_find_token
- fp_at_token
- fp_token_origin
- fp_utf16
- fp_offset
- f_load_origins_for
- fp_graph_for
- fp_result_for
- fp_defs_for
- fp_defs_source_for
- j_foreign_path
- j_foreign_name
- j_foreign_chars
- j_foreign_def
- j_foreign_args
- j_foreign_return
- j_io_result
- j_modules
- j_module_exports
- j_module_export
- j_ctor_metadata
- j_ctor_keys
- j_field_keys
- j_foreign_paths
- j_foreign_error
- j_builtin_effect
- j_strip
- j_literal
- j_literal_node
- j_literal_ctor
- j_u32
- j_u32_node
- j_word
- j_word_bit
- j_word_text
- j_char_text
- j_nat
- j_nat_text
- j_string
- j_string_head
- j_string_char
- j_string_text
- j_literal_typed
- j_literal_provenance
- j_compile_error
- j_main_error
- j_printable
- j_printable_head
- j_printable_adt
- j_printable_ctors
- j_printable_fields
- j_layout_error
- j_layout_visit
- j_layout_def
- j_layout_mark
- j_layout_open
- j_layout_open_head
- j_layout_term
- j_layout_kind
- j_layout_lam
- j_layout_match
- j_layout_app
- j_layout_function
- j_layout_array_intrinsic
- j_layout_intrinsic
- j_layout_fields
- j_layout_let
- j_layout_bindings
- j_l_name
- j_l_names
- j_l_capture
- j_l_deep
- j_l_deeps
- j_l_mark
- j_l_marks
- j_l_def
- j_l_definition
- j_l_walk
- j_l_children
- j_l_lam
- j_l_mat
- j_l_app
- j_l_fields
- j_l_bindings
- j_escape
- j_escape_char
- j_escape_char_on
- j_quote
- j_local
- j_env
- j_type
- j_type_on
- j_app_type
- j_exprs
- j_exprs_tail
- j_expr
- j_expr_on
- j_lambda
- j_lambda_count
- j_lambda_code
- j_lambda_bind
- j_apply
- j_apply_one
- j_call_spine
- j_apply_spine
- j_call_arity
- j_apply_args
- j_apply_args_head
- j_descriptor
- j_desc_head
- j_desc_head_on
- j_intrinsic
- j_def
- j_defs
- j_program
- j_program_selected
- j_let
- j_bindings
- j_context
- j_body
- j_find_ctor
- j_found_ctor
- j_specialize
- j_arm_type
- j_arm_tel
- j_schemas
- j_schema_ctors
- j_schema_params
- j_schema_fields
- j_desc_args
- j_ctor_args
- j_constructor
- j_constructor_mode
- j_ctor_thunks
- j_constructor_literal
- j_io_type
- j_io_shadow
- j_io_shadow_def
- j_io_spine
- j_library
- j_library_selected
- j_desc_kind
- j_roots
- j_library_roots
- j_stops
- j_match
- j_constructor_count
- j_count_constructors
- j_let_values
- j_l_global
- nt_replace_go
- nt_replace_step
- nc_ctor_identity
- nc_ctor_owned
- nc_ctor_encode
- nc_ctor_codes
- nc_ctor_display
- nc_ctor_decode
- nc_ctor_decode_step
- nb_fork_next
- nc_erase
- nc_erase_list
- nc_erase_args
- nc_lower
- nc_occurs
- nc_occurs_list
- nc_lower_live
- nc_match_apply_slow
- nc_array_known
- nc_compact
- nc_compact_list
- nd_app
- np_level
- np_level_mat
- np_collect
- np_collect_level
- np_emit
- np_emit_row
- np_emit_done
- np_emit_join
- np_row_code
- np_match_apply
- np_supported
- np_level_valid
- np_can_match
- nc_show_nodes
- nc_show_fields
- nc_show_field
- nc_show_arms
- nc_show_arm
- nc_parallel
- nc_array
- nc_unann
- nc_constructors
- nc_refs
- nc_refs_list
- nc_compile_defs
- nc_term_fork
- nc_terms_fork
- nc_term_bang
- nc_terms_bang
- nc_bangs_term
- nc_bangs_terms
- driver_report
- dr_bad_names
- dr_relies
- dr_relies_def
- dr_verdict
- dr_count
- dr_lines
- driver_has_main
- driver_is_io
- driver_interpret
- driver_final
- driver_todos
- driver_count_todos
- driver_holes
- driver_holes_terms
- driver_owned
- driver_emit_owned
- driver_owned_names
- driver_owned_name
- nt_choose
- nt_join_go
- nt_join
- nt_count_go
- nt_count
- nt_reverse
- nt_append
- nt_clean
- nt_fid
- nt_cid
- nt_local
- nt_bool
- nt_replace
- nt_lines_go
- nt_lines
- nt_indent
- nl_word
- nl_wide
- nl_box
- nl_c_type
- nl_merge_word
- nl_merge
- nl_pad
- nl_field_words
- nl_arm_words
- nl_shift_fields
- nl_shift_arms
- nl_pack
- nl_size
- nl_fits
- nl_cls_go
- nl_cls_fit
- nl_has_box
- ni_templates
- ni_find
- ni_replace_all
- ni_fill
- ni_emit
- nb_max
- nb_width_go
- nb_width
- nb_returns_go
- nb_returns
- nb_bangs_go
- nb_bangs
- nb_regs
- nb_pad
- nb_typed
- nb_load
- nb_last
- nb_save
- nb_take
- nb_bank
- nb_seg_ids_go
- nb_seg_ids
- nb_ctr_ids
- nb_frame_results
- nb_arities_go
- nb_arities
- nb_result_words_go
- nb_result_words
- nb_contains
- nb_fork_roots_go
- nb_fork_roots
- nb_reaches
- nb_fork_step
- nb_fork_close
- nb_flags_go
- nb_flags
- nb_ctr_arity
- nb_ctr_hot
- nb_dispatch_go
- nb_dispatch
- nb_emit
- ne_stores
- ne_node
- ne_wrap_ctor
- ne_constructor
- ne_closure_wrap
- ne_closure
- ne_frame_stores
- ne_frame
- ne_registers
- ne_jump
- ne_ret
- ne_task
- ne_take_params
- ne_take
- ne_segment
- ne_segments_go
- ne_segments
- ne_fill
- ne_program
- nc_tele_fill
- nc_live_count
- nc_erase_mat
- nc_erase_annotated
- nc_erase_app
- nc_word
- nc_words
- nc_params
- nc_slots
- nc_body
- nc_segs
- nc_fresh
- nc_error
- nc_first_error
- nc_return
- nc_fail
- nc_name
- nc_id
- nc_binding
- nc_cut_task
- nc_cut
- nc_live_env
- nc_remove_env
- nc_drop_dead
- nc_share_env
- nc_prepend
- nc_let
- nc_closure_result
- nc_lambda
- nc_mklet
- nc_app_slow
- nc_values
- nc_sequence
- nc_head
- nc_tail
- nc_ctor_result
- nc_constructor
- nc_lets
- nc_find_ctor
- nc_field_count
- nc_condition
- nc_field_word
- nc_field_env
- nc_field_apps
- nc_field_decls
- nc_destructure
- nc_match_apply
- nc_match
- nc_primitive_name
- nc_native_def
- nc_ref_name
- nc_primitive_arity
- nc_prim_args
- nc_prim_lambdas
- nc_primitive_body
- nc_intrinsic
- nc_apply_code
- nc_word_literal
- nc_nat_literal
- nc_literal
- nc_compact_ctor
- nc_lower_ctor
- nd_name
- nd_head
- nd_args
- nd_leading
- nd_foreign_arity
- nd_arity
- nd_reapply
- nd_beta
- nd_match
- nd_body
- nd_bindings
- nd_join
- nd_extend
- nc_show_find
- nc_show_ref
- nc_desc_cells
- nc_desc_types
- nc_desc_error
- nc_desc_join
- nc_show_data
- nc_show_array
- nc_show_node
- nc_show_step
- nc_quote_chars
- nc_show_names
- nc_show_finish
- nc_show_program
- nc_last_term
- nc_parallel_binds
- nc_parallel_uses
- nc_keeps
- nc_parallel_share
- nc_child_task
- nc_local_calls
- nc_local_segments
- nc_children
- nc_parallel_finish
- nc_parallel_task
- nc_array_pair
- nv_owned
- nv_ctor_names
- nv_seg_names_go
- nv_seg_names
- nv_id
- nv_unique_index
- nv_unique
- nv_ctors
- nv_segs
- nv_first
- nv_program
- nc_foreign_has
- nc_source_has_id
- nc_source_namespace
- nc_foreign_namespace
- nc_foreign_aliases
- nc_foreign_wrap
- nc_foreign_base
- nc_foreign_source
- nc_refs_go
- nc_foreign_tel
- nc_foreign
- nc_definition
- nc_book_bang
- nc_call_head
- nc_mapped_refs
- nc_mark_segments_go
- nc_mark_segments
- nc_mark_code
- nc_append_book
- nc_compile_def
- nc_skip_tel
- nc_ctor_specs
- nc_all_args
- nc_default_ctors
- nc_has_ctor
- nc_add_ctors
- nc_show_cells
- nc_show
- nc_is_io
- nc_helpers
- nc_with_show
- nc_finish
- nc_bangs_book
- nc_compile
- nc_live_names
- nc_c_paths
- nc_paths_of
- nc_foreign_paths
- nc_annotation_stops
- nc_context_defs
- nc_annotated_context
