All terms check, but 162 defs rely on unsafe or foreign code:
- kc
- kt
- atom
- tg
- nm
- ix
- qt
- ks
- rm
- terms_at
- kid
- var
- ref
- qua
- typ
- app
- all
- dn
- dk
- da
- dx
- dt
- dv
- dc
- db
- du
- missing
- lookup
- terms_len
- has_name
- subst_terms
- core_force
- core_rebuild
- core_apply
- subst_node
- subst
- core_beta
- index_hash
- index_child
- index_child_list
- index_first
- index_find
- index_bucket
- index_remove
- index_set
- index_tip
- index_split_bit
- index_leaf
- index_node
- index_join
- index_insert
- index_build
- index_lookup
- book_cached
- index_put_rest
- book_put
- book_context
- book_final_fast
- book_final_names_valid
- book_final_name_valid
- book_final_large
- book_final_reverse
- book_final_scan
- book_final_step
- book_final_filter
- book_final_seen
- book_final_legacy
- norm_join
- norm_apply
- wnf
- norm_eval
- norm_eval_node
- norm_ref
- norm_args
- norm_dec
- norm_match
- norm_stuck
- norm_min
- norm_min_left
- norm_min_right
- strong
- norm_strong
- norm_strongs
- norm_max
- norm_max_term
- norm_max_terms
- norm_max_book
- compare
- norm_compare
- norm_compare_heads
- norm_compare_same
- norm_compare_plain
- norm_compare_terms
- norm_subset
- norm_removed
- norm_kind
- norm_let
- norm_let_tail
- norm_var
- norm_names_len
- norm_book_bound
- norm_bound_found
- norm_max_walk
- norm_max_defs
- norm_defs_join
- norm_snf_go
- norm_snf_head
- norm_rebind
- norm_snf_open
- norm_snf_children
- norm_snf_return
- norm_exact
- norm_exact_lists
- norm_exact_head
- norm_exact_names
- norm_cmp_loop
- norm_cmp_quick
- norm_cmp_fail
- norm_cmp_test
- norm_cmp_heads
- norm_cmp_same
- norm_cmp_plain
- norm_cmp_fields
- norm_cmp_zip
- norm_cmp_kind
- g_heap
- g_next
- g_state
- g_term
- g_states
- g_terms
- g_get
- g_put
- g_put_node
- g_share
- g_share_terms
- g_shared_term
- g_share_head
- g_shared_head
- g_cache
- g_wnf
- g_eval
- g_cell
- g_app
- g_ref
- g_args
- g_return
- g_resume
- g_filled
- g_min_left
- g_match
- g_let
- g_let_shared
- g_let_sub
- graph_strong
- g_snf_go
- g_snf_head
- g_snf_open
- g_snf_children
- g_snf_return
- g_start
- book_without
