✔ input audit hashes consumed bytes and rejects changes even on compiler rejection (134.819974ms)
✔ input audit preserves encoding and rejects symlink retarget even with identical bytes (1.147046ms)
✔ input audit permits expected creation of a validated Base cache but rejects appeared missing input (0.621981ms)
✔ proof validator rejects incomplete, failed, broken-chain and stale provenance (32.357326ms)
✔ proof validator will not accept unrelated H or old missing-helper reports (5.850571ms)
✔ manifest cannot omit image artifact, escape its directory, or claim pending status silently (25.20848ms)
✔ publication requires checked compile and exact pending bytes, refuses aliases and overwrite (20.465712ms)
✔ parent rechecks consumed files after worker completion before publication (0.926814ms)
✔ private resource arguments accept explicit full-source heap without forwarding arbitrary Node flags (4.781256ms)
✔ finite batch transport caps requests, deadlines and rejects hook-bearing envelopes (1.677268ms)
✔ completed proof rejects a later checked stage that breaks the fixed point (4.524235ms)
✔ production builder refuses any unreviewed runtime revision without restricting unit fixtures (4.920123ms)
✔ finished request rows cannot turn a failed worker lifetime into a complete batch (2.865716ms)
✔ proof helpers must be the files actually imported beside the frozen driver (2.877995ms)
ℹ tests 14
ℹ suites 0
ℹ pass 14
ℹ fail 0
ℹ cancelled 0
ℹ skipped 0
ℹ todo 0
ℹ duration_ms 258.866863
