node:internal/modules/run_main:107
    triggerUncaughtException(
    ^

AssertionError [ERR_ASSERTION]: Prepared variant changed: private-control
+ actual - expected

+ '61e7d94c19bbda2de2a55037d5e2b992868a145ab6f29d557f4bc0885e759cb1'
- '0000000000000000000000000000000000000000000000000000000000000000'

    at file:///home/ai/bend2/build/publish/bend/selfhost/tools/performance/phase4/private-combined-package-test.mjs:17:10
    at Array.map (<anonymous>)
    at file:///home/ai/bend2/build/publish/bend/selfhost/tools/performance/phase4/private-combined-package-test.mjs:14:58
    at ModuleJob.run (node:internal/modules/esm/module_job:439:25)
    at async node:internal/modules/esm/loader:643:26
    at async asyncRunEntryPointWithESMLoader (node:internal/modules/run_main:101:5) {
  generatedMessage: false,
  code: 'ERR_ASSERTION',
  actual: '61e7d94c19bbda2de2a55037d5e2b992868a145ab6f29d557f4bc0885e759cb1',
  expected: '0000000000000000000000000000000000000000000000000000000000000000',
  operator: 'strictEqual',
  diff: 'simple'
}

Node.js v24.18.0
