PASS parallel_shadow
PASS parallel_reverse
PASS nested_shadow
PASS empty_let
PASS many_bindings
PASS many_scopes
PASS callplan_alias
PASS identity_local
PASS identity_shadow
PASS identity_application
PASS lambda_shadow
PASS escaping_capture
PASS legacy-alias-binder-preserved
PASS global-singleton-evaluated-once
PASS global-alias-not-duplicated-or-eliminated
PASS global-capture-snapshots
PASS first-rhs-throw-suppresses-later-effects
PASS erased-rhs-and-argument-stay-delayed
PASS multi-rhs-retains-unused-evaluation
PASS literal-fold-add
PASS literal-fold-sub
PASS literal-fold-and
PASS literal-fold-or
PASS literal-fold-xor
PASS literal-fold-inc
PASS literal-fold-not
PASS literal-fold-shl
PASS literal-fold-shr
PASS nested-literal-fold
PASS all-nine-operations-and-nesting-folded
PASS variable-operand-not-folded
PASS unknown-effect-operand-evaluated-once
PASS mul-refuses-folding-and-observes-Math-imul
PASS div-and-mod-remain-runtime-operations
PASS float-refuses-folding-and-observes-Math-fround
PASS primitive-name-without-native-proof-refused
PASS inputs-unchanged
{"complete":true,"pass":true,"checks":37,"statementTemporaries":148}
