{
  "complete": true,
  "pass": true,
  "observations": 72,
  "emission": [
    {
      "name": "direct",
      "prebound": false,
      "bytes": 194
    },
    {
      "name": "annotated",
      "prebound": false,
      "bytes": 200
    },
    {
      "name": "captured",
      "prebound": false,
      "bytes": 248
    },
    {
      "name": "lateEffect",
      "prebound": false,
      "bytes": 180
    },
    {
      "name": "effectfulArm",
      "prebound": false,
      "bytes": 109
    },
    {
      "name": "erased",
      "prebound": false,
      "bytes": 193
    },
    {
      "name": "etaShort",
      "prebound": false,
      "bytes": 112
    },
    {
      "name": "functionResult",
      "prebound": false,
      "bytes": 152
    },
    {
      "name": "equalArity",
      "prebound": false,
      "bytes": 164
    },
    {
      "name": "equalAnnotated",
      "prebound": false,
      "bytes": 172
    },
    {
      "name": "equalCaptured",
      "prebound": false,
      "bytes": 213
    },
    {
      "name": "equalFunction",
      "prebound": false,
      "bytes": 170
    },
    {
      "name": "equalEffect",
      "prebound": false,
      "bytes": 154
    },
    {
      "name": "zeroFields",
      "prebound": false,
      "bytes": 162
    },
    {
      "name": "lifted",
      "prebound": false,
      "bytes": 682
    }
  ]
}

