node:internal/modules/run_main:107
    triggerUncaughtException(
    ^

AssertionError [ERR_ASSERTION]: Actual Bend book roots differ from TypeScript root order
+ actual - expected

  [
+   'f_ascii_ident_code',
+   'Audio.close',
+   'Audio.write',
+   'Audio.open',
+   'Window.close',
+   'Window.set_title',
+   'Window.frame',
+   'Window.open',
+   'Listener.close',
+   'Socket.close',
+   'UDP.poll',
+   'UDP.recv_from',
+   'UDP.send_to',
+   'UDP.bind',
+   'TCP.poll',
+   'TCP.recv',
+   'TCP.send',
+   'TCP.connect',
+   'TCP.accept',
+   'TCP.listen',
+   'File.close',
+   'File.write_bytes',
+   'File.write',
+   'File.size',
+   'File.read_at',
+   'File.read_bytes',
+   'File.read',
+   'File.open',
+   'Chan.close',
+   'Chan.recv',
+   'Chan.send',
+   'Chan.new',
+   'IO.now',
+   'IO.sleep',
+   'IO.spawn',
+   'IO.random_u32',
+   'IO.args',
+   'IO.get_env',
+   'IO.print_err',
+   'IO.write',
    'IO.print',
-   'IO.write',
-   'IO.print_err',
-   'IO.get_env',
-   'IO.args',
-   'IO.random_u32',
-   'IO.spawn',
-   'IO.sleep',
-   'IO.now',
-   'Chan.new',
-   'Chan.send',
-   'Chan.recv',
-   'Chan.close',
-   'File.open',
-   'File.read',
-   'File.read_bytes',
-   'File.read_at',
-   'File.size',
-   'File.write',
-   'File.write_bytes',
-   'File.close',
-   'TCP.listen',
-   'TCP.accept',
-   'TCP.connect',
-   'TCP.send',
-   'TCP.recv',
-   'TCP.poll',
-   'UDP.bind',
-   'UDP.send_to',
-   'UDP.recv_from',
-   'UDP.poll',
-   'Socket.close',
-   'Listener.close',
-   'Window.open',
-   'Window.frame',
-   'Window.set_title',
-   'Window.close',
-   'Audio.open',
-   'Audio.write',
-   'Audio.close',
-   'f_ascii_ident_code'
  ]

    at compare (file:///home/ai/bend2/build/publish/bend/selfhost/tools/performance/phase5/full-source-compare.mjs:112:34)
    at process.processTicksAndRejections (node:internal/process/task_queues:104:5)
    at async file:///home/ai/bend2/build/publish/bend/selfhost/tools/performance/phase5/full-source-compare.mjs:127:242 {
  generatedMessage: false,
  code: 'ERR_ASSERTION',
  actual: [
    'f_ascii_ident_code', 'Audio.close',     'Audio.write',
    'Audio.open',         'Window.close',    'Window.set_title',
    'Window.frame',       'Window.open',     'Listener.close',
    'Socket.close',       'UDP.poll',        'UDP.recv_from',
    'UDP.send_to',        'UDP.bind',        'TCP.poll',
    'TCP.recv',           'TCP.send',        'TCP.connect',
    'TCP.accept',         'TCP.listen',      'File.close',
    'File.write_bytes',   'File.write',      'File.size',
    'File.read_at',       'File.read_bytes', 'File.read',
    'File.open',          'Chan.close',      'Chan.recv',
    'Chan.send',          'Chan.new',        'IO.now',
    'IO.sleep',           'IO.spawn',        'IO.random_u32',
    'IO.args',            'IO.get_env',      'IO.print_err',
    'IO.write',           'IO.print'
  ],
  expected: [
    'IO.print',        'IO.write',           'IO.print_err',
    'IO.get_env',      'IO.args',            'IO.random_u32',
    'IO.spawn',        'IO.sleep',           'IO.now',
    'Chan.new',        'Chan.send',          'Chan.recv',
    'Chan.close',      'File.open',          'File.read',
    'File.read_bytes', 'File.read_at',       'File.size',
    'File.write',      'File.write_bytes',   'File.close',
    'TCP.listen',      'TCP.accept',         'TCP.connect',
    'TCP.send',        'TCP.recv',           'TCP.poll',
    'UDP.bind',        'UDP.send_to',        'UDP.recv_from',
    'UDP.poll',        'Socket.close',       'Listener.close',
    'Window.open',     'Window.frame',       'Window.set_title',
    'Window.close',    'Audio.open',         'Audio.write',
    'Audio.close',     'f_ascii_ident_code'
  ],
  operator: 'deepStrictEqual',
  diff: 'simple'
}

Node.js v24.18.0
