[final compiler comparison] tree-emit-0-combined-b1
[final compiler comparison] tree-emit-0-combined-h
[final compiler comparison] tree-emit-0-profile-combined
[final compiler comparison] tree-emit-0-pinned-ts
[final compiler comparison] list-sort-emit-0-combined-b1
[final compiler comparison] list-sort-emit-0-combined-h
[final compiler comparison] list-sort-emit-0-profile-combined
[final compiler comparison] list-sort-emit-0-pinned-ts
[final compiler comparison] bytes-ops-check-0-combined-b1
[final compiler comparison] bytes-ops-check-0-combined-h
[final compiler comparison] bytes-ops-check-0-profile-combined
[final compiler comparison] bytes-ops-check-0-pinned-ts
[final compiler comparison] tree-emit-1-pinned-ts
[final compiler comparison] tree-emit-1-profile-combined
[final compiler comparison] tree-emit-1-combined-h
[final compiler comparison] tree-emit-1-combined-b1
[final compiler comparison] list-sort-emit-1-pinned-ts
[final compiler comparison] list-sort-emit-1-profile-combined
[final compiler comparison] list-sort-emit-1-combined-h
[final compiler comparison] list-sort-emit-1-combined-b1
[final compiler comparison] bytes-ops-check-1-pinned-ts
[final compiler comparison] bytes-ops-check-1-profile-combined
[final compiler comparison] bytes-ops-check-1-combined-h
[final compiler comparison] bytes-ops-check-1-combined-b1
[final compiler comparison] tree-emit-2-combined-b1
[final compiler comparison] tree-emit-2-combined-h
[final compiler comparison] tree-emit-2-profile-combined
[final compiler comparison] tree-emit-2-pinned-ts
[final compiler comparison] list-sort-emit-2-combined-b1
[final compiler comparison] list-sort-emit-2-combined-h
[final compiler comparison] list-sort-emit-2-profile-combined
[final compiler comparison] list-sort-emit-2-pinned-ts
[final compiler comparison] bytes-ops-check-2-combined-b1
[final compiler comparison] bytes-ops-check-2-combined-h
[final compiler comparison] bytes-ops-check-2-profile-combined
[final compiler comparison] bytes-ops-check-2-pinned-ts
