{
  "complete": false,
  "selectedComplete": true,
  "summary": {
    "tests": 26,
    "allTests": 1513,
    "externalTests": 0,
    "excludedTests": 1487,
    "probes": 26,
    "statuses": {
      "pass": 22,
      "not-applicable": 4
    },
    "lanes": {
      "parse": {},
      "check": {},
      "interpreter": {},
      "js": {
        "pass": 22,
        "not-applicable": 4
      },
      "native": {},
      "metal": {},
      "cuda": {}
    },
    "namespaces": {
      "base": {
        "pass": 1
      },
      "check": {
        "pass": 1
      },
      "compile": {
        "pass": 1
      },
      "comptime": {
        "pass": 1
      },
      "cost": {
        "pass": 1
      },
      "eval": {
        "pass": 1
      },
      "flatten": {},
      "gfx": {
        "pass": 1
      },
      "grade": {
        "pass": 1
      },
      "halt": {
        "pass": 1
      },
      "import": {
        "pass": 1
      },
      "io": {
        "pass": 4
      },
      "page": {
        "pass": 1
      },
      "parse": {
        "pass": 1
      },
      "printer": {
        "not-applicable": 1
      },
      "proof": {},
      "reg": {
        "pass": 2
      },
      "rfc": {
        "pass": 1
      },
      "run": {
        "pass": 1
      },
      "show": {
        "not-applicable": 1
      },
      "spec": {
        "pass": 1
      },
      "state": {
        "not-applicable": 1
      },
      "stats": {
        "pass": 1
      },
      "stuck": {
        "not-applicable": 1
      }
    },
    "checkerRejections": 0,
    "proofTrustRejections": 0,
    "frontendRejections": 0,
    "uncheckedExecutions": 0
  },
  "report": "/home/ai/bend2/build/publish/bend/selfhost/build/phase52/direct-conformance04/selected/candidate.json"
}
